[?25l[?2004h  Endpoints                                     [K
                                                [K
  19 items                                      [K
                                                [K
  POST /pet                                     [K
  Add a new pet to the store                    [K
                                                [K
┃ PUT /pet                                      [K
┃ Update an existing pet                        [K
                                                [K
  GET /pet/findByStatus                         [K
  Finds Pets by status                          [K
                                                [K
  GET /pet/findByTags                           [K
  Finds Pets by tags                            [K
                                                [K
  GET /pet/{petId}                              [K
  Find pet by ID                                [K
                                                [K
  POST /pet/{petId}                             [K
  Updates a pet in the store with form data     [K
                                                [K
  DELETE /pet/{petId}                           [K
  Deletes a pet                                 [K
                                                [K
  POST /pet/{petId}/uploadImage                 [K
  uploads an image                              [K
                                                [K
  GET /store/inventory                          [K
  Returns pet inventories by status             [K
                                                [K
  POST /store/order                             [K
  Place an order for a pet                      [K
                                                [K
  GET /store/order/{orderId}                    [K
  Find purchase order by ID                     [K
                                                [K
  DELETE /store/order/{orderId}                 [K
  Delete purchase order by ID                   [K
                                                [K
  POST /user                                    [K
  Create user                                   [K
                                                [K
  POST /user/createWithList                     [K
  Creates list of users with given input array  [K
                                                [K
  GET /user/login                               [K
  Logs user into the system                     [K
                                                [K
  GET /user/logout                              [K
  Logs out current logged in user session       [K
                                                [K
  GET /user/{username}                          [K
  Get user by user name                         [K
                                                [K
  PUT /user/{username}                          [K
  Update user                                   [K
                                                [K
  DELETE /user/{username}                       [K
  Delete user                                   [K
                                                [K
                                                [K
                                                [K
                                                [K
                                                [K
                                                [K
                                                [K
                                                [K
                                                [K
                                                [K
                                                [K
                                                [K
                                                [K
                                                [K
                                                [K
                                                [K
                                                [K
                                                [K
                                                [K
                                                [K
                                                [K
                                                [K
                                                [K
                                                [K
                                                [K
                                                [K
                                                [K
                                                [K
                                                [K
                                                [K
                                                [K
                                                [K
                                                [K
                                                [K
                                                [K
                                                [K
                                                [K
                                                [K
                                                [K
  ↑/k up • ↓/j down • / filter • q quit • ? more[K[300D[2K[?2004l[?25h[?1002l[?1003l[?1006l