[?25l[?2004h  Endpoints                                                        [K
                                                                   [K
  “user” 7 items 12 filtered                                       [K
                                                                   [K
┃ POST /user                                                       [K
┃ Create user                                                      [K
                                                                   [K
  GET /user/login                                                  [K
  Logs user into the system                                        [K
                                                                   [K
  GET /user/logout                                                 [K
  Logs out current logged in user session                          [K
                                                                   [K
  GET /user/{username}                                             [K
  Get user by user name                                            [K
                                                                   [K
  PUT /user/{username}                                             [K
  Update user                                                      [K
                                                                   [K
  DELETE /user/{username}                                          [K
  Delete user                                                      [K
                                                                   [K
  POST /user/createWithList                                        [K
  Creates list of users with given input array                     [K
                                                                   [K
                                                                   [K
                                                                   [K
                                                                   [K
                                                                   [K
                                                                   [K
                                                                   [K
                                                                   [K
                                                                   [K
                                                                   [K
                                                                   [K
                                                                   [K
                                                                   [K
                                                                   [K
                                                                   [K
                                                                   [K
                                                                   [K
                                                                   [K
                                                                   [K
                                                                   [K
                                                                   [K
                                                                   [K
                                                                   [K
                                                                   [K
                                                                   [K
                                                                   [K
                                                                   [K
                                                                   [K
                                                                   [K
                                                                   [K
                                                                   [K
                                                                   [K
                                                                   [K
                                                                   [K
                                                                   [K
                                                                   [K
                                                                   [K
                                                                   [K
                                                                   [K
                                                                   [K
                                                                   [K
                                                                   [K
                                                                   [K
                                                                   [K
                                                                   [K
                                                                   [K
                                                                   [K
                                                                   [K
                                                                   [K
                                                                   [K
                                                                   [K
                                                                   [K
                                                                   [K
                                                                   [K
                                                                   [K
                                                                   [K
                                                                   [K
                                                                   [K
                                                                   [K
                                                                   [K
                                                                   [K
                                                                   [K
                                                                   [K
                                                                   [K
                                                                   [K
                                                                   [K
                                                                   [K
                                                                   [K
                                                                   [K
                                                                   [K
                                                                   [K
                                                                   [K
                                                                   [K
                                                                   [K
                                                                   [K
  ↑/k up • ↓/j down • / filter • esc clear filter • q quit • ? more[K[300D[2K[?2004l[?25h[?1002l[?1003l[?1006l